C51 COMPILER V9.52.0.0   HARDDRIVE                                                         12/05/2016 09:37:57 PAGE 1   


C51 COMPILER V9.52.0.0, COMPILATION OF MODULE HARDDRIVE
OBJECT MODULE PLACED IN harddrive.OBJ
COMPILER INVOKED BY: C:\Keil\C51\BIN\C51.EXE harddrive.c COMPACT BROWSE DEBUG OBJECTEXTEND TABS(2)

line level    source

   1          /************************************************************************************
   2          *
   3          * CPU：STC15W4K3S4核心板
   4          * 时钟选择：外部时钟11.0592MHz
   5          * 功能说明：相关硬件驱动程序
   6          * 作者信息：张 斌
   7          *************************************************************************************
   8          *更新说明
   9          *20160928 增加通信协议模块---与上位机通信， 串口1  波特率9600
  10          *
  11          ************************************************************************************/
  12          
  13          #include "stc15w4k32s4.h"
  14          #include "unit.h"
  15          #include "harddrive.h"
  16          #include "uart1.h"
  17          #include "moto.h"
  18          
  19          
  20          /********************************************************************
  21          函数功能：延时函数。
  22          入口参数：无。
  23          返    回：无。
  24          备    注：无。
  25          ********************************************************************/
  26          volatile  u8 Delay_start=0;  //定时器中PWM 计数值   占空比
  27          volatile  u8 Delay_num=0;  //定时器中PWM 计数值   占空比
  28          volatile  u8 Delay_count=0;  //定时器中PWM 计数值   占空比
  29          volatile  u8 Delay_flag=0;  //定时器中PWM 计数值   占空比
  30          
  31          volatile  s16 Heart_Open=1;   //开启心跳标志   
  32          volatile  u8  Heart_flag=1;   //无心跳标志
  33          volatile  u32 Heart_Count=0;  //心跳超时计数
  34          
  35          //墨量检测是否屏蔽标志  01 表示屏蔽  02 表示启用
  36          u8 IPF510MT_PB=0x02;
  37          u8 C7280MT_PB=0x02;
  38          //废墨检测
  39          u8 IPF510FM_PB=0x02;
  40          u8 C7280FM_PB=0x02;
  41          
  42          
  43          
  44          /*
  45          void IO_DELAY_5_MS(u8 num)   
  46          {
  47            Delay_num =num;
  48            Delay_start=1;
  49          }
  50          */
  51          /**///////////////////////Pino Electronics////////////////////////**/
  52          
  53          /********************************************************************
  54          函数功能：延时函数。
  55          入口参数：无。
C51 COMPILER V9.52.0.0   HARDDRIVE                                                         12/05/2016 09:37:57 PAGE 2   

  56          返    回：无。
  57          备    注：无。
  58          ********************************************************************/
  59          /*
  60          void Delay100ms(void)   
  61          {
  62              u8 a,b,c,n;
  63              for(c=5;c>0;c--)  //50
  64                  for(b=135;b>0;b--)
  65                      for(a=189;a>0;a--);
  66                          for(n=1;n>0;n--);
  67          }
  68          */
  69          /**///////////////////////Pino Electronics////////////////////////**/
  70          
  71          /*
  72          void Delay1s(void)   
  73          {
  74              u8 a,b,c,n;
  75              for(c=108;c>0;c--)
  76                  for(b=135;b>0;b--)
  77                      for(a=189;a>0;a--);
  78                          for(n=1;n>0;n--);
  79          }
  80          */
  81          
  82          /* 定义DS18B20使用的引脚 */
  83          #define DS18B20     P22
  84          
  85          #define DQ_1()      DS18B20=1   /* SDA = 1 */
  86          #define DQ_0()      DS18B20=0   /* SDA = 0 */
  87            
  88          #define DQ_READ()   DS18B20 /* 读SDA线状态 */
  89          
  90          
  91          
  92          //光电传感器 不接IO 为低电平，  有墨水IO为低电平，无墨为高
  93          //电容传感器 不接IO 为高电平，  有墨水IO为低电平，无墨为高
  94          
  95          /*********************************IPF510 墨量检测函数***********************************/
  96          
  97          //读IPF510_C 墨量
  98          u8 ReadIpf510_C(void)
  99          {
 100   1        if(Ipf510_C==0)
 101   1        {
 102   2          return 0;
 103   2        }
 104   1        else
 105   1        {
 106   2          return 1; 
 107   2        } 
 108   1      }
 109          
 110          
 111          //读IPF510_M 墨量
 112          u8 ReadIpf510_M(void)
 113          {
 114   1        if(IPF510_M==0)
 115   1        {
 116   2          return 0;
 117   2      
C51 COMPILER V9.52.0.0   HARDDRIVE                                                         12/05/2016 09:37:57 PAGE 3   

 118   2        }
 119   1        else
 120   1        {
 121   2          return 1; 
 122   2        } 
 123   1      }
 124          
 125          //读IPF510_Y 墨量
 126          u8 ReadIpf510_Y(void)
 127          {
 128   1        if(IPF510_Y==0)
 129   1        {
 130   2          return 0;
 131   2      
 132   2        }
 133   1        else
 134   1        {
 135   2          return 1; 
 136   2        } 
 137   1      }
 138          
 139          
 140          //读IPF510_BK 墨量
 141          u8 ReadIpf510_BK(void)
 142          {
 143   1        if(IPF510_BK==0)
 144   1        {
 145   2          return 0;
 146   2      
 147   2        }
 148   1        else
 149   1        {
 150   2          return 1; 
 151   2        } 
 152   1      }
 153          
 154          
 155          //读IPF510_MBK 墨量
 156          u8 ReadIpf510_MBK(void)
 157          {
 158   1        if(IPF510_MBK==0)
 159   1        {
 160   2          return 0;
 161   2      
 162   2        }
 163   1        else
 164   1        {
 165   2          return 1; 
 166   2        } 
 167   1      }
 168          
 169          //读IPF510_FM 墨量
 170          u8 ReadIpf510_FM(void)
 171          {
 172   1        if(IPF510_FM==0)
 173   1        {
 174   2          return 0;
 175   2      
 176   2        }
 177   1        else
 178   1        {
 179   2          return 1; 
C51 COMPILER V9.52.0.0   HARDDRIVE                                                         12/05/2016 09:37:57 PAGE 4   

 180   2        } 
 181   1      }
 182          
 183          
 184          /************************************END********************************************/
 185          
 186          //电容传感器 不接IO 为高电平，  有墨水IO为低电平，无墨为高
 187          /*****************************7280 墨量检测函数**************************************/
 188          //读7280_C 墨量
 189          u8 Read7280_C(void)
 190          {
 191   1        if(C7280_C==0)
 192   1        {
 193   2          return 0;
 194   2      
 195   2        }
 196   1        else
 197   1        {
 198   2          return 1; 
 199   2        } 
 200   1      }
 201          
 202          //读7280_M 墨量
 203          u8 Read7280_M(void)
 204          {
 205   1        if(C7280_M==0)
 206   1        {
 207   2          return 0;
 208   2      
 209   2        }
 210   1        else
 211   1        {
 212   2          return 1; 
 213   2        } 
 214   1      }
 215          
 216          //读7280_Y 墨量
 217          u8 Read7280_Y(void)
 218          {
 219   1        if(C7280_Y==0)
 220   1        {
 221   2          return 0;
 222   2      
 223   2        }
 224   1        else
 225   1        {
 226   2          return 1; 
 227   2        } 
 228   1      }
 229          
 230          
 231          //读7280_BK 墨量
 232          u8 Read7280_BK(void)
 233          {
 234   1        if(C7280_BK==0)
 235   1        {
 236   2          return 0;
 237   2      
 238   2        }
 239   1        else
 240   1        {
 241   2          return 1; 
C51 COMPILER V9.52.0.0   HARDDRIVE                                                         12/05/2016 09:37:57 PAGE 5   

 242   2        } 
 243   1      }
 244          
 245          
 246          //读7280_MBK 墨量
 247          u8 Read7280_MBK(void)
 248          {
 249   1        if(C7280_MBK==0)
 250   1        {
 251   2          return 0;
 252   2      
 253   2        }
 254   1        else
 255   1        {
 256   2          return 1; 
 257   2        } 
 258   1      }
 259          
 260          //读7280_FM 墨量
 261          u8 Read7280_FM(void)
 262          {
 263   1        if(C7280_FM==0)
 264   1        {
 265   2          return 0;
 266   2      
 267   2        }
 268   1        else
 269   1        {
 270   2          return 1; 
 271   2        } 
 272   1      }
 273          
 274          
 275          /************************************end*******************************************/
 276          
 277          
 278          /*******************    *电机传感器检测函数****************************************/
 279          
 280          u8 MOTO_S8S0(void)
 281          {
 282   1        if(MOTO_S8_S0==0)
 283   1        {
 284   2          return 0;
 285   2      
 286   2        }
 287   1        else
 288   1        {
 289   2          return 1; 
 290   2        } 
 291   1      }
 292          
 293          u8 MOTO_S7S1(void)
 294          {
 295   1        if(MOTO_S7_S1==0)
 296   1        {
 297   2          return 0;
 298   2      
 299   2        }
 300   1        else
 301   1        {
 302   2          return 1; 
 303   2        } 
C51 COMPILER V9.52.0.0   HARDDRIVE                                                         12/05/2016 09:37:57 PAGE 6   

 304   1      }
 305          
 306          
 307          u8 MOTO_S6S2(void)
 308          {
 309   1        if(MOTO_S6_S2==0)
 310   1        {
 311   2          return 0;
 312   2      
 313   2        }
 314   1        else
 315   1        {
 316   2          return 1; 
 317   2        } 
 318   1      }
 319          
 320          u8 MOTO_S5S3(void)
 321          {
 322   1        if(MOTO_S5_S3==0)
 323   1        {
 324   2          return 0;
 325   2      
 326   2        }
 327   1        else
 328   1        {
 329   2          return 1; 
 330   2        } 
 331   1      }
 332          
 333          
 334          u8 MOTO_S4S4(void)
 335          {
 336   1        if(MOTO_S4_S4==0)
 337   1        {
 338   2          return 0;
 339   2      
 340   2        }
 341   1        else
 342   1        {
 343   2          return 1; 
 344   2        } 
 345   1      }
 346          
 347          u8 MOTO_S3S5(void)
 348          {
 349   1        if(MOTO_S3_S5==0)
 350   1        {
 351   2          return 0;
 352   2      
 353   2        }
 354   1        else
 355   1        {
 356   2          return 1; 
 357   2        } 
 358   1      }
 359          
 360          
 361          u8 MOTO_S2S6(void)
 362          {
 363   1        if(MOTO_S2_S6==0)
 364   1        {
 365   2          return 0;
C51 COMPILER V9.52.0.0   HARDDRIVE                                                         12/05/2016 09:37:57 PAGE 7   

 366   2      
 367   2        }
 368   1        else
 369   1        {
 370   2          return 1; 
 371   2        } 
 372   1      }
 373          
 374          u8 MOTO_S1S7(void)
 375          {
 376   1        if(MOTO_S1_S7==0)
 377   1        {
 378   2          return 0;
 379   2      
 380   2        }
 381   1        else
 382   1        {
 383   2          return 1; 
 384   2        } 
 385   1      }
 386          
 387          
 388          
 389          
 390          //加热器极限控制
 391          
 392          extern volatile s16 temputer1;
 393          extern volatile s16 temputer2;
 394          
 395          
 396          extern volatile u8 TemputerHardState1;
 397          extern volatile u8 TemputerHardState2;
 398          
 399          void HEAT_CONTROL(void)
 400          {
 401   1        WDT_CONTR |= 0x10;      //喂狗    
 402   1        
 403   1        if(temputer2>60)   //温度超过60度 关加热器
 404   1        {
 405   2          HeatOff();     //关加热
 406   2        }
 407   1        
 408   1        
 409   1        if(TemputerHardState2==0)
 410   1        {
 411   2          HeatOff();     // 温度传感器异常 关加热
 412   2        } 
 413   1        
 414   1      }
 415          
 416          
 417          //心跳控制 
 418          void heart_control(void)
 419          {
 420   1        WDT_CONTR |= 0x10;      //喂狗    
 421   1      
 422   1        
 423   1        if(Heart_flag==0)
 424   1        {
 425   2          Fan2On(); //开启控制端口
 426   2        }
 427   1      
C51 COMPILER V9.52.0.0   HARDDRIVE                                                         12/05/2016 09:37:57 PAGE 8   

 428   1          if(Heart_flag==1)
 429   1        {
 430   2          Fan2Off(); //关
 431   2        }
 432   1      
 433   1      
 434   1        
 435   1      }
 436          
 437          
 438          
 439          
 440          
 441          


MODULE INFORMATION:   STATIC OVERLAYABLE
   CODE SIZE        =    226    ----
   CONSTANT SIZE    =   ----    ----
   XDATA SIZE       =   ----    ----
   PDATA SIZE       =     15    ----
   DATA SIZE        =   ----    ----
   IDATA SIZE       =   ----    ----
   BIT SIZE         =   ----    ----
END OF MODULE INFORMATION.


C51 COMPILATION COMPLETE.  0 WARNING(S),  0 ERROR(S)
