C51 COMPILER V9.52.0.0   MAIN                                                              12/05/2016 09:37:56 PAGE 1   


C51 COMPILER V9.52.0.0, COMPILATION OF MODULE MAIN
OBJECT MODULE PLACED IN main.OBJ
COMPILER INVOKED BY: C:\Keil\C51\BIN\C51.EXE main.c COMPACT BROWSE DEBUG OBJECTEXTEND TABS(2)

line level    source

   1          /************************************************************************************
   2          *
   3          * CPU：STC15W4K3S4核心板
   4          * 时钟选择：外部时钟11.0592MHz
   5          * 功能说明：SDP-2A电控板主程序
   6          * 作者信息：张 斌
   7          *
   8          ************************************************************************************/
   9          #include "stc15w4k32s4.h"
  10          #include "unit.h"
  11          #include "harddrive.h"
  12          #include "uart1.h"
  13          #include "ds18b20.h"
  14          #include "moto.h"
  15          #include "comwithpc.h"
  16          #include "time.h"
  17          
  18          
  19          /********************************************************************
  20          函数功能：将STC15W4K系列的IO口初始化为准双向IO口。      
  21          入口参数：无。
  22          返    回：无。
  23          备    注：STC15W4K系列的芯片,上电后所有与PWM相关的IO口（P0.6/P0.7/
  24                P1.6/P1.7/P2.1/P2.2/P2.3/P2.7/P3.7/P4.2/P4.4/P4.5）均为高
  25                阻态,需将这些口设置为准双向口或强推挽模式方可正常使用。
  26          ********************************************************************/
  27          void InitIO(void)
  28          {
  29   1        
  30   1        IP=0X12; //设置中断优先级  定时器 >串口 >定时器2
  31   1        
  32   1        //初始化 P0 为准双向IO口
  33   1        P0M0 = 0x00;
  34   1        P0M1 = 0x00;
  35   1        //初始化 P1 为准双向IO口
  36   1        //其中P1.6  P1.7 为外部晶振引脚 设置为高阻态
  37   1        P1M0 = 0x00;  //0b00000000
  38   1        P1M1 = 0xc0;  //0b11000000
  39   1        //
  40   1        P2M0 = 0x0E;  //0B00001110  ( p2.1  p2.2  p2.3  PWM电机 ) （ P2.5  P2.6  DS18B20 ）设置为强推挽模式
  41   1        P2M1 = 0x00;  //0B00000000  
  42   1        //
  43   1        P3M0 = 0xE0;  //0B11100000  ( p3.5 导光灯  p3.6 风扇  p3.7  电机PWM ) 
  44   1        P3M1 = 0x00;  //0B00000000
  45   1        //
  46   1        P4M0 = 0x0C;  //0B00001100  ( p4.2 加热控制  p4.3  加热风扇 )
  47   1        P4M1 = 0x00;  //0B00000000
  48   1        //
  49   1        P5M0 = 0x0A;  //0B00001010  (  P5.1  报告灯 P5.3 BUZZER)
  50   1        P5M1 = 0x00;  //0B00000000
  51   1        
  52   1      //初始化电机端口为高阻输出  
  53   1          MOTO1_IN1Off();
  54   1          MOTO1_IN2Off();   
  55   1          MOTO2_IN3Off();
C51 COMPILER V9.52.0.0   MAIN                                                              12/05/2016 09:37:56 PAGE 2   

  56   1          MOTO2_IN4Off();     
  57   1      //  
  58   1      }
  59          /**///////////////////////Pino Electronics////////////////////////**/
  60          
  61          extern u8 sys_init_state; //系统初始化完成标志
  62          extern u8 TemputerHardState;
  63          
  64          /********************************************************************
  65          函数功能：主函数。
  66          入口参数：无。
  67          返    回：无。
  68          备    注：无。
  69          ********************************************************************/
  70          void main (void)
  71          { 
  72   1        
  73   1          InitIO();     //初始化IO  
  74   1        
  75   1          InitUart1();  //初始化串口1
  76   1        
  77   1          InitTimer0(); //初始化定时器0
  78   1        
  79   1          Timer2Init();  //初始化定时器2    
  80   1        
  81   1          PWM_config();  //PWM初始化
  82   1        
  83   1          Fan2Off();     //心跳控制
  84   1          HeatFanOn();  // 开启加热风扇
  85   1          HeatOn();     //开启加热
  86   1        
  87   1          BuzzerOn();
  88   1          //Fan2On();     //开预留风扇  
  89   1          BaoGaoLedOn();   //开报告灯   --送纸电机
  90   1        
  91   1          DaoGuangLedOn();  //开导光灯  
  92   1        
  93   1          Delay100us(10000);  //1S
  94   1          Delay100us(10000);  //1S
  95   1          HeatOff();     //关加热
  96   1          HeatFanOff();  //关加热风扇    
  97   1          
  98   1          BuzzerOff();
  99   1          
 100   1         // DaoGuangLedOff();  //关导光灯
 101   1        
 102   1          EA=1;         //允许所有中断  
 103   1          
 104   1          //看门狗定时器
 105   1          WDT_CONTR = 0x06;         //看门狗定时器溢出时间计算公式: (12 * 32768 * PS) / FOSC (秒)
 106   1                                    //设置看门狗定时器分频数为128,溢出时间如下:
 107   1                                    //11.0592M : 4.55S
 108   1          WDT_CONTR |= 0x20;        //启动看门狗  
 109   1          
 110   1          comwithpc();            //处理一次通信程序  
 111   1          /******************************   //异常断电，卡片处理*******************/
 112   1          Moto_DC2_Control(0);      // 离合电机关   
 113   1          MotoDc1Run(100,FORWARD,10); //100占空比 正转10S 送出 由于断电原因存在机器中的胶片 
 114   1          Delay100us(10000);  //1S
 115   1          WDT_CONTR |= 0x10;      //喂狗  
 116   1          comwithpc();            //处理一次通信程序
 117   1          Delay100us(10000);  //1S
C51 COMPILER V9.52.0.0   MAIN                                                              12/05/2016 09:37:56 PAGE 3   

 118   1          WDT_CONTR |= 0x10;      //喂狗  
 119   1          comwithpc();            //处理一次通信程序
 120   1          Delay100us(10000);  //1S
 121   1          WDT_CONTR |= 0x10;      //喂狗  
 122   1          comwithpc();            //处理一次通信程序
 123   1          
 124   1          BaoGaoLedOff();   //关报告灯---送报告电机 运行5秒
 125   1          
 126   1          Delay100us(10000);  //1S
 127   1          WDT_CONTR |= 0x10;      //喂狗  
 128   1          comwithpc();            //处理一次通信程序
 129   1          Delay100us(10000);  //1S
 130   1          WDT_CONTR |= 0x10;      //喂狗  
 131   1          comwithpc();            //处理一次通信程序
 132   1          Delay100us(10000);  //1S
 133   1          WDT_CONTR |= 0x10;      //喂狗  
 134   1          comwithpc();            //处理一次通信程序
 135   1          Delay100us(10000);  //1S
 136   1          WDT_CONTR |= 0x10;      //喂狗  
 137   1          comwithpc();            //处理一次通信程序
 138   1          Delay100us(10000);  //1S
 139   1          WDT_CONTR |= 0x10;      //喂狗  
 140   1          comwithpc();            //处理一次通信程序
 141   1          Delay100us(10000);  //1S  
 142   1          WDT_CONTR |= 0x10;      //喂狗  
 143   1          comwithpc();            //处理一次通信程序
 144   1          Delay100us(10000);  //1S
 145   1          WDT_CONTR |= 0x10;      //喂狗    
 146   1          comwithpc();            //处理一次通信程序
 147   1          /******************************************END 异常断电********************/  
 148   1          Moto_DC2_Control(1);      // 离合电机开   离合必须始终开启，防止打印的时候顶住胶片
 149   1          
 150   1          sys_init_state=0;       //初始化完成
 151   1          
 152   1         while(1)
 153   1        { 
 154   2          WDT_CONTR |= 0x10;      //喂狗      
 155   2          comwithpc();            //串口程序处理    
 156   2          WDT_CONTR |= 0x10;      //喂狗    
 157   2          Moto_control_sys();     //出片控制程序    
 158   2          WDT_CONTR |= 0x10;      //喂狗    
 159   2          HEAT_CONTROL();         //极限温度控制
 160   2          heart_control();  //心跳控制
 161   2          Auto_Send_Paper_a4();  //报告送纸控制
 162   2        }
 163   1        
 164   1        
 165   1      }
 166          
 167          /**///////////////////////Pino Electronics////////////////////////**/
 168          
 169          


MODULE INFORMATION:   STATIC OVERLAYABLE
   CODE SIZE        =    329    ----
   CONSTANT SIZE    =   ----    ----
   XDATA SIZE       =   ----    ----
   PDATA SIZE       =   ----    ----
   DATA SIZE        =   ----    ----
   IDATA SIZE       =   ----    ----
   BIT SIZE         =   ----    ----
C51 COMPILER V9.52.0.0   MAIN                                                              12/05/2016 09:37:56 PAGE 4   

END OF MODULE INFORMATION.


C51 COMPILATION COMPLETE.  0 WARNING(S),  0 ERROR(S)
