BL51 BANKED LINKER/LOCATER V6.22                                                        09/20/2016  14:12:20  PAGE 1


BL51 BANKED LINKER/LOCATER V6.22, INVOKED BY:
C:\KEIL\C51\BIN\BL51.EXE STARTUP.obj, main.obj TO test RAMSIZE (256)


MEMORY MODEL: SMALL


INPUT MODULES INCLUDED:
  STARTUP.obj (?C_STARTUP)
  main.obj (MAIN)


LINK MAP OF MODULE:  test (?C_STARTUP)


            TYPE    BASE      LENGTH    RELOCATION   SEGMENT NAME
            -----------------------------------------------------

            * * * * * * *   D A T A   M E M O R Y   * * * * * * *
            REG     0000H     0008H     ABSOLUTE     "REG BANK 0"
            IDATA   0008H     0001H     UNIT         ?STACK

            * * * * * * *   C O D E   M E M O R Y   * * * * * * *
            CODE    0000H     0003H     ABSOLUTE     
            CODE    0003H     0016H     UNIT         ?PR?INITIO?MAIN
            CODE    0019H     0011H     UNIT         ?PR?DELAY1S?MAIN
            CODE    002AH     000FH     UNIT         ?PR?MAIN?MAIN
            CODE    0039H     000CH     UNIT         ?C_C51STARTUP



OVERLAY MAP OF MODULE:   test (?C_STARTUP)


SEGMENT
  +--> CALLED SEGMENT
---------------------
?C_C51STARTUP
  +--> ?PR?MAIN?MAIN

?PR?MAIN?MAIN
  +--> ?PR?INITIO?MAIN
  +--> ?PR?DELAY1S?MAIN



SYMBOL TABLE OF MODULE:  test (?C_STARTUP)

  VALUE           TYPE          NAME
  ----------------------------------

  -------         MODULE        ?C_STARTUP
  C:0039H         SEGMENT       ?C_C51STARTUP
  I:0008H         SEGMENT       ?STACK
  C:0000H         PUBLIC        ?C_STARTUP
  D:00E0H         SYMBOL        ACC
  D:00F0H         SYMBOL        B
  D:0083H         SYMBOL        DPH
BL51 BANKED LINKER/LOCATER V6.22                                                      09/20/2016  14:12:20  PAGE 2


  D:0082H         SYMBOL        DPL
  N:0000H         SYMBOL        IBPSTACK
  N:0100H         SYMBOL        IBPSTACKTOP
  N:0080H         SYMBOL        IDATALEN
  C:003CH         SYMBOL        IDATALOOP
  N:0000H         SYMBOL        PBPSTACK
  N:0100H         SYMBOL        PBPSTACKTOP
  N:0000H         SYMBOL        PDATALEN
  N:0000H         SYMBOL        PDATASTART
  N:0000H         SYMBOL        PPAGE
  N:0000H         SYMBOL        PPAGEENABLE
  D:00A0H         SYMBOL        PPAGE_SFR
  D:0081H         SYMBOL        SP
  C:0039H         SYMBOL        STARTUP1
  N:0000H         SYMBOL        XBPSTACK
  N:0000H         SYMBOL        XBPSTACKTOP
  N:0000H         SYMBOL        XDATALEN
  N:0000H         SYMBOL        XDATASTART
  C:0000H         LINE#         126
  C:0039H         LINE#         133
  C:003BH         LINE#         134
  C:003CH         LINE#         135
  C:003DH         LINE#         136
  C:003FH         LINE#         185
  C:0042H         LINE#         196
  -------         ENDMOD        ?C_STARTUP

  -------         MODULE        MAIN
  C:0000H         SYMBOL        _ICE_DUMMY_
  D:0092H         PUBLIC        P1M0
  D:0093H         PUBLIC        P0M1
  D:0096H         PUBLIC        P2M0
  D:0091H         PUBLIC        P1M1
  D:0080H         PUBLIC        P0
  D:00B2H         PUBLIC        P3M0
  D:0095H         PUBLIC        P2M1
  D:0090H         PUBLIC        P1
  D:00B4H         PUBLIC        P4M0
  D:00B1H         PUBLIC        P3M1
  D:00A0H         PUBLIC        P2
  D:00B3H         PUBLIC        P4M1
  D:00B0H         PUBLIC        P3
  D:00C0H         PUBLIC        P4
  D:00C8H         PUBLIC        P5
  D:00E8H         PUBLIC        P6
  D:00F8H         PUBLIC        P7
  D:00A8H         PUBLIC        IE
  C:0019H         PUBLIC        Delay1s
  D:00B8H         PUBLIC        IP
  D:00D8H         PUBLIC        CCON
  C:002AH         PUBLIC        main
  C:0003H         PUBLIC        InitIO
  D:0098H         PUBLIC        SCON
  D:0088H         PUBLIC        TCON
  B:00B0H.2       PUBLIC        P32
  D:00D0H         PUBLIC        PSW
  D:0094H         PUBLIC        P0M0
BL51 BANKED LINKER/LOCATER V6.22                                                      09/20/2016  14:12:20  PAGE 3


  -------         PROC          DELAY1S
  -------         DO            
  D:0005H         SYMBOL        a
  D:0006H         SYMBOL        b
  D:0007H         SYMBOL        c
  D:0007H         SYMBOL        n
  -------         ENDDO         
  C:0019H         LINE#         24
  C:0019H         LINE#         25
  C:0019H         LINE#         27
  C:001BH         LINE#         28
  C:001DH         LINE#         29
  C:0025H         LINE#         30
  C:0029H         LINE#         31
  -------         ENDPROC       DELAY1S
  -------         PROC          INITIO
  C:0003H         LINE#         42
  C:0003H         LINE#         43
  C:0003H         LINE#         45
  C:0006H         LINE#         46
  C:0008H         LINE#         48
  C:000AH         LINE#         49
  C:000CH         LINE#         51
  C:000EH         LINE#         52
  C:0010H         LINE#         54
  C:0012H         LINE#         55
  C:0014H         LINE#         57
  C:0016H         LINE#         58
  C:0018H         LINE#         59
  -------         ENDPROC       INITIO
  -------         PROC          MAIN
  C:002AH         LINE#         68
  C:002AH         LINE#         69
  C:002AH         LINE#         70
  C:002DH         LINE#         72
  C:002DH         LINE#         73
  C:002FH         LINE#         74
  C:0032H         LINE#         76
  C:0034H         LINE#         77
  C:0037H         LINE#         78
  -------         ENDPROC       MAIN
  -------         ENDMOD        MAIN

Program Size: data=9.0 xdata=0 code=69
LINK/LOCATE RUN COMPLETE.  0 WARNING(S),  0 ERROR(S)
